
[1m[46m RUN [49m[22m [36mv4.1.1 [39m[90mD:/Nreki[39m

node.exe : [90mstderr[2m | tests/nreki-kernel.test.ts[2m > [22m[2mNREKI Kernel - Boot[2m > [22m[2mshould boot successfully with a valid tsconfig.json project
En línea: 1 Carácter: 1
+ & "C:\Program Files\nodejs/node.exe" "C:\Program Files\nodejs/node_mo ...
+ ~~~~~~~~~~~~~~~~~~~~~~~~~~~~~~~~~~~~~~~~~~~~~~~~~~~~~~~~~~~~~~~~~~~~~
    + CategoryInfo          : NotSpecified: ([90mstderr[2m...ig.json project:String) [], RemoteException
    + FullyQualifiedErrorId : NativeCommandError
 
[22m[39m[NREKI] Booting VFS-LSP Kernel (project mode). Applying CompilerHost overrides...
[NREKI] Kernel booted. Tracking 2 files. Baseline: 0 invariants. Boot errors: 0.

[90mstderr[2m | tests/nreki-kernel.test.ts[2m > [22m[2mNREKI Kernel - Boot[2m > [22m[2mshould throw if tsconfig.json is missing
[22m[39m[NREKI] Booting VFS-LSP Kernel (project mode). Applying CompilerHost overrides...

[90mstderr[2m | tests/nreki-kernel.test.ts[2m > [22m[2mNREKI Kernel - Boot[2m > [22m[2mshould track pre-existing errors in baseline
[22m[39m[NREKI] Booting VFS-LSP Kernel (project mode). Applying CompilerHost overrides...
[NREKI] Kernel booted. Tracking 1 files. Baseline: 1 invariants. Boot errors: 1.

[90mstderr[2m | tests/nreki-kernel.test.ts[2m > [22m[2mNREKI Kernel - Semantic Validation[2m > [22m[2mshould PASS a valid edit that preserves types
[22m[39m[NREKI] Booting VFS-LSP Kernel (project mode). Applying CompilerHost overrides...
[NREKI] Kernel booted. Tracking 2 files. Baseline: 0 invariants. Boot errors: 0.

[90mstderr[2m | tests/document-registry.test.ts
[22m[39m[NREKI] Booting VFS-LSP Kernel (project mode). Applying CompilerHost overrides...
[NREKI] Kernel booted. Tracking 1 files. Baseline: 0 invariants. Boot errors: 0.

[90mstderr[2m | tests/tsbuildinfo-cache.test.ts[2m > [22m[2mtsbuildinfo cache[2m > [22m[2mshould create cache file after commitToDisk
[22m[39m[NREKI] Booting VFS-LSP Kernel (project mode). Applying CompilerHost overrides...
[NREKI] Kernel booted. Tracking 1 files. Baseline: 0 invariants. Boot errors: 0.

[90mstderr[2m | tests/nreki-kernel.test.ts[2m > [22m[2mNREKI Kernel - Semantic Validation[2m > [22m[2mshould BLOCK an edit that breaks cross-file types
[22m[39m[NREKI] Booting VFS-LSP Kernel (project mode). Applying CompilerHost overrides...
[NREKI] Kernel booted. Tracking 2 files. Baseline: 0 invariants. Boot errors: 0.

[90mstderr[2m | tests/document-registry.test.ts[2m > [22m[2mDocumentRegistry cleanup[2m > [22m[2mshould handle many intercepts on the same file without crash
[22m[39m[NREKI] Hard rollback executed. VFS purged.

[90mstderr[2m | tests/document-registry.test.ts[2m > [22m[2mDocumentRegistry cleanup[2m > [22m[2mshould handle many intercepts on the same file without crash
[22m[39m[NREKI] Hard rollback executed. VFS purged.

[90mstderr[2m | tests/nreki-kernel.test.ts[2m > [22m[2mNREKI Kernel - Semantic Validation[2m > [22m[2mshould PASS a batch edit that changes signature AND updates 
callers
[22m[39m[NREKI] Booting VFS-LSP Kernel (project mode). Applying CompilerHost overrides...
[NREKI] Kernel booted. Tracking 2 files. Baseline: 0 invariants. Boot errors: 0.

[90mstderr[2m | tests/tsbuildinfo-cache.test.ts[2m > [22m[2mtsbuildinfo cache[2m > [22m[2mshould create cache file after commitToDisk
[22m[39m[NREKI] Atomic commit materialized. Disk synchronized.

[90mstderr[2m | tests/document-registry.test.ts[2m > [22m[2mDocumentRegistry cleanup[2m > [22m[2mshould handle many intercepts on the same file without crash
[22m[39m[NREKI] Hard rollback executed. VFS purged.

[90mstderr[2m | tests/nreki-kernel.test.ts[2m > [22m[2mNREKI Kernel - Semantic Validation[2m > [22m[2mshould BLOCK if batch edit changes signature but NOT callers
[22m[39m[NREKI] Booting VFS-LSP Kernel (project mode). Applying CompilerHost overrides...
[NREKI] Kernel booted. Tracking 2 files. Baseline: 0 invariants. Boot errors: 0.

[90mstderr[2m | tests/document-registry.test.ts[2m > [22m[2mDocumentRegistry cleanup[2m > [22m[2mshould handle many intercepts on the same file without crash
[22m[39m[NREKI] Hard rollback executed. VFS purged.

[90mstderr[2m | tests/tsbuildinfo-cache.test.ts[2m > [22m[2mtsbuildinfo cache[2m > [22m[2mshould boot successfully from cached state
[22m[39m[NREKI] Booting VFS-LSP Kernel (project mode). Applying CompilerHost overrides...
[NREKI] Kernel booted. Tracking 1 files. Baseline: 0 invariants. Boot errors: 0.

[90mstderr[2m | tests/document-registry.test.ts[2m > [22m[2mDocumentRegistry cleanup[2m > [22m[2mshould handle many intercepts on the same file without crash
[22m[39m[NREKI] Hard rollback executed. VFS purged.

[90mstderr[2m | tests/nreki-kernel.test.ts[2m > [22m[2mNREKI Kernel - Syntactic Shield[2m > [22m[2mshould BLOCK broken syntax even if semantics would pass
[22m[39m[NREKI] Booting VFS-LSP Kernel (project mode). Applying CompilerHost overrides...
[NREKI] Kernel booted. Tracking 1 files. Baseline: 0 invariants. Boot errors: 0.

[90mstderr[2m | tests/document-registry.test.ts[2m > [22m[2mDocumentRegistry cleanup[2m > [22m[2mshould handle many intercepts on the same file without crash
[22m[39m[NREKI] Hard rollback executed. VFS purged.

[90mstderr[2m | tests/tsbuildinfo-cache.test.ts[2m > [22m[2mtsbuildinfo cache[2m > [22m[2mshould boot successfully from cached state
[22m[39m[NREKI] Atomic commit materialized. Disk synchronized.

[90mstderr[2m | tests/document-registry.test.ts[2m > [22m[2mDocumentRegistry cleanup[2m > [22m[2mshould handle many intercepts on the same file without crash
[22m[39m[NREKI] Hard rollback executed. VFS purged.

[90mstderr[2m | tests/nreki-kernel.test.ts[2m > [22m[2mNREKI Kernel - Syntactic Shield[2m > [22m[2mshould BLOCK totally invalid TypeScript
[22m[39m[NREKI] Booting VFS-LSP Kernel (project mode). Applying CompilerHost overrides...
[NREKI] Kernel booted. Tracking 1 files. Baseline: 0 invariants. Boot errors: 0.

[90mstderr[2m | tests/tsbuildinfo-cache.test.ts[2m > [22m[2mtsbuildinfo cache[2m > [22m[2mshould boot successfully from cached state
[22m[39m[NREKI] Booting VFS-LSP Kernel (project mode). Applying CompilerHost overrides...
[NREKI] Kernel booted. Tracking 1 files. Baseline: 0 invariants. Boot errors: 0.

[90mstderr[2m | tests/document-registry.test.ts[2m > [22m[2mDocumentRegistry cleanup[2m > [22m[2mshould handle many intercepts on the same file without crash
[22m[39m[NREKI] Hard rollback executed. VFS purged.

[90mstderr[2m | tests/document-registry.test.ts[2m > [22m[2mDocumentRegistry cleanup[2m > [22m[2mshould handle many intercepts on the same file without crash
[22m[39m[NREKI] Hard rollback executed. VFS purged.

[90mstderr[2m | tests/nreki-kernel.test.ts[2m > [22m[2mNREKI Kernel - Baseline Tolerance[2m > [22m[2mshould NOT block edits when project has pre-existing errors
[22m[39m[NREKI] Booting VFS-LSP Kernel (project mode). Applying CompilerHost overrides...
[NREKI] Kernel booted. Tracking 2 files. Baseline: 1 invariants. Boot errors: 1.

[90mstderr[2m | tests/tsbuildinfo-cache.test.ts[2m > [22m[2mtsbuildinfo cache[2m > [22m[2mshould purge cache on TS version mismatch
[22m[39m[NREKI] Booting VFS-LSP Kernel (project mode). Applying CompilerHost overrides...
[NREKI] Kernel booted. Tracking 1 files. Baseline: 0 invariants. Boot errors: 0.

[90mstderr[2m | tests/document-registry.test.ts[2m > [22m[2mDocumentRegistry cleanup[2m > [22m[2mshould handle many intercepts on the same file without crash
[22m[39m[NREKI] Hard rollback executed. VFS purged.

[90mstderr[2m | tests/nreki-kernel.test.ts[2m > [22m[2mNREKI Kernel - Baseline Tolerance[2m > [22m[2mshould BLOCK if a NEW error is introduced on top of 
pre-existing ones
[22m[39m[NREKI] Booting VFS-LSP Kernel (project mode). Applying CompilerHost overrides...
[NREKI] Kernel booted. Tracking 2 files. Baseline: 1 invariants. Boot errors: 1.

[90mstderr[2m | tests/document-registry.test.ts[2m > [22m[2mDocumentRegistry cleanup[2m > [22m[2mshould handle many intercepts on the same file without crash
[22m[39m[NREKI] Hard rollback executed. VFS purged.

[90mstderr[2m | tests/nreki-kernel.test.ts[2m > [22m[2mNREKI Kernel - File Operations[2m > [22m[2mshould handle file deletion (tombstone) without panic
[22m[39m[NREKI] Booting VFS-LSP Kernel (project mode). Applying CompilerHost overrides...
[NREKI] Kernel booted. Tracking 2 files. Baseline: 0 invariants. Boot errors: 0.

[90mstderr[2m | tests/document-registry.test.ts[2m > [22m[2mDocumentRegistry cleanup[2m > [22m[2mshould handle many intercepts on the same file without crash
[22m[39m[NREKI] Hard rollback executed. VFS purged.

[90mstderr[2m | tests/tsbuildinfo-cache.test.ts[2m > [22m[2mtsbuildinfo cache[2m > [22m[2mshould purge cache on TS version mismatch
[22m[39m[NREKI] Atomic commit materialized. Disk synchronized.

[90mstderr[2m | tests/document-registry.test.ts[2m > [22m[2mDocumentRegistry cleanup[2m > [22m[2mshould handle many intercepts on the same file without crash
[22m[39m[NREKI] Hard rollback executed. VFS purged.

[90mstderr[2m | tests/nreki-kernel.test.ts[2m > [22m[2mNREKI Kernel - File Operations[2m > [22m[2mshould BLOCK deletion of a file that others depend on
[22m[39m[NREKI] Booting VFS-LSP Kernel (project mode). Applying CompilerHost overrides...
[NREKI] Kernel booted. Tracking 2 files. Baseline: 0 invariants. Boot errors: 0.

[90mstderr[2m | tests/document-registry.test.ts[2m > [22m[2mDocumentRegistry cleanup[2m > [22m[2mshould handle many intercepts on the same file without crash
[22m[39m[NREKI] Hard rollback executed. VFS purged.

[90mstderr[2m | tests/tsbuildinfo-cache.test.ts[2m > [22m[2mtsbuildinfo cache[2m > [22m[2mshould purge cache on TS version mismatch
[22m[39m[NREKI] Booting VFS-LSP Kernel (project mode). Applying CompilerHost overrides...
[NREKI] TS version changed (4.9.0 -> 5.9.3). Cache purged.
[NREKI] Kernel booted. Tracking 1 files. Baseline: 0 invariants. Boot errors: 0.

[90mstderr[2m | tests/nreki-kernel.test.ts[2m > [22m[2mNREKI Kernel - File Operations[2m > [22m[2mshould ignore non-TypeScript files (no rootNames pollution)
[22m[39m[NREKI] Booting VFS-LSP Kernel (project mode). Applying CompilerHost overrides...
[NREKI] Kernel booted. Tracking 1 files. Baseline: 0 invariants. Boot errors: 0.

[90mstderr[2m | tests/document-registry.test.ts[2m > [22m[2mDocumentRegistry cleanup[2m > [22m[2mshould handle many intercepts on the same file without crash
[22m[39m[NREKI] Hard rollback executed. VFS purged.

[90mstderr[2m | tests/document-registry.test.ts[2m > [22m[2mDocumentRegistry cleanup[2m > [22m[2mshould handle many intercepts on the same file without crash
[22m[39m[NREKI] Hard rollback executed. VFS purged.

[90mstderr[2m | tests/nreki-kernel.test.ts[2m > [22m[2mNREKI Kernel - File Operations[2m > [22m[2mshould handle new TypeScript files in new directories
[22m[39m[NREKI] Booting VFS-LSP Kernel (project mode). Applying CompilerHost overrides...
[NREKI] Kernel booted. Tracking 1 files. Baseline: 0 invariants. Boot errors: 0.

[90mstderr[2m | tests/tsbuildinfo-cache.test.ts[2m > [22m[2mtsbuildinfo cache[2m > [22m[2mshould cold-boot when cache is corrupted
[22m[39m[NREKI] Booting VFS-LSP Kernel (project mode). Applying CompilerHost overrides...
[NREKI] Kernel booted. Tracking 1 files. Baseline: 0 invariants. Boot errors: 0.

 [32mÔ£ô[39m tests/tsbuildinfo-cache.test.ts [2m([22m[2m4 tests[22m[2m)[22m[33m 30725[2mms[22m[39m
     [33m[2mÔ£ô[22m[39m should create cache file after commitToDisk [33m 9163[2mms[22m[39m
     [33m[2mÔ£ô[22m[39m should boot successfully from cached state [33m 8449[2mms[22m[39m
     [33m[2mÔ£ô[22m[39m should purge cache on TS version mismatch [33m 9740[2mms[22m[39m
     [33m[2mÔ£ô[22m[39m should cold-boot when cache is corrupted [33m 3357[2mms[22m[39m
[90mstderr[2m | tests/document-registry.test.ts[2m > [22m[2mDocumentRegistry cleanup[2m > [22m[2mshould handle many intercepts on the same file without crash
[22m[39m[NREKI] Hard rollback executed. VFS purged.

[90mstderr[2m | tests/nreki-kernel.test.ts[2m > [22m[2mNREKI Kernel - ACID Operations[2m > [22m[2mshould commit staged changes to disk
[22m[39m[NREKI] Booting VFS-LSP Kernel (project mode). Applying CompilerHost overrides...
[NREKI] Kernel booted. Tracking 1 files. Baseline: 0 invariants. Boot errors: 0.

[90mstderr[2m | tests/document-registry.test.ts[2m > [22m[2mDocumentRegistry cleanup[2m > [22m[2mshould handle many intercepts on the same file without crash
[22m[39m[NREKI] Hard rollback executed. VFS purged.

[90mstderr[2m | tests/nreki-kernel.test.ts[2m > [22m[2mNREKI Kernel - ACID Operations[2m > [22m[2mshould commit staged changes to disk
[22m[39m[NREKI] Atomic commit materialized. Disk synchronized.

[90mstderr[2m | tests/mode-modes.test.ts
[22m[39m[NREKI] FILE mode detected. Kernel boots on first edit.
[NREKI] Running in Lite mode (BM25 keyword search only). Run with --enable-embeddings for semantic search.

[90mstderr[2m | tests/nreki-kernel.test.ts[2m > [22m[2mNREKI Kernel - ACID Operations[2m > [22m[2mshould rollback all staged changes
[22m[39m[NREKI] Booting VFS-LSP Kernel (project mode). Applying CompilerHost overrides...
[NREKI] Kernel booted. Tracking 1 files. Baseline: 0 invariants. Boot errors: 0.

[90mstderr[2m | tests/document-registry.test.ts[2m > [22m[2mDocumentRegistry cleanup[2m > [22m[2mshould handle many intercepts on the same file without crash
[22m[39m[NREKI] Hard rollback executed. VFS purged.

[90mstderr[2m | tests/nreki-kernel.test.ts[2m > [22m[2mNREKI Kernel - ACID Operations[2m > [22m[2mshould rollback all staged changes
[22m[39m[NREKI] Hard rollback executed. VFS purged.

[90mstderr[2m | tests/document-registry.test.ts[2m > [22m[2mDocumentRegistry cleanup[2m > [22m[2mshould handle many intercepts on the same file without crash
[22m[39m[NREKI] Hard rollback executed. VFS purged.

[90mstderr[2m | tests/nreki-kernel.test.ts[2m > [22m[2mNREKI Kernel - ACID Operations[2m > [22m[2mshould revert VFS on failed intercept (no staging leak)
[22m[39m[NREKI] Booting VFS-LSP Kernel (project mode). Applying CompilerHost overrides...
[NREKI] Kernel booted. Tracking 2 files. Baseline: 0 invariants. Boot errors: 0.

[90mstderr[2m | tests/document-registry.test.ts[2m > [22m[2mDocumentRegistry cleanup[2m > [22m[2mshould handle many intercepts on the same file without crash
[22m[39m[NREKI] Hard rollback executed. VFS purged.

[90mstderr[2m | tests/nreki-kernel.test.ts[2m > [22m[2mNREKI Kernel - Concurrency[2m > [22m[2mshould serialize concurrent intercepts via mutex
[22m[39m[NREKI] Booting VFS-LSP Kernel (project mode). Applying CompilerHost overrides...
[NREKI] Kernel booted. Tracking 1 files. Baseline: 0 invariants. Boot errors: 0.

[90mstderr[2m | tests/mode-modes.test.ts[2m > [22m[2mfile mode
[22m[39m[NREKI] Booting VFS-LSP Kernel (file mode). Applying CompilerHost overrides...
[NREKI] Kernel booted. Tracking 2 files. Baseline: 0 invariants. Boot errors: 0.

[90mstderr[2m | tests/document-registry.test.ts[2m > [22m[2mDocumentRegistry cleanup[2m > [22m[2mshould function correctly after commitToDisk releases documents
[22m[39m[NREKI] Atomic commit materialized. Disk synchronized.

[90mstderr[2m | tests/nreki-kernel.test.ts[2m > [22m[2mNREKI Kernel - Edge Cases[2m > [22m[2mshould handle empty batch gracefully
[22m[39m[NREKI] Booting VFS-LSP Kernel (project mode). Applying CompilerHost overrides...
[NREKI] Kernel booted. Tracking 1 files. Baseline: 0 invariants. Boot errors: 0.

[90mstderr[2m | tests/document-registry.test.ts[2m > [22m[2mDocumentRegistry cleanup[2m > [22m[2mshould function correctly after commitToDisk releases documents
[22m[39m[NREKI] Hard rollback executed. VFS purged.

[90mstderr[2m | tests/nreki-kernel.test.ts[2m > [22m[2mNREKI Kernel - Edge Cases[2m > [22m[2mshould handle duplicate files in batch (P25 - idempotent undo-log)
[22m[39m[NREKI] Booting VFS-LSP Kernel (project mode). Applying CompilerHost overrides...
[NREKI] Kernel booted. Tracking 2 files. Baseline: 0 invariants. Boot errors: 0.

[90mstderr[2m | tests/mode-modes.test.ts[2m > [22m[2mfile mode[2m > [22m[2m7. kernel boots in file mode, intercept checks only edited file
[22m[39m[NREKI] Hard rollback executed. VFS purged.

[90mstderr[2m | tests/document-registry.test.ts[2m > [22m[2mDocumentRegistry cleanup[2m > [22m[2mshould function correctly after rollbackAll releases documents
[22m[39m[NREKI] Hard rollback executed. VFS purged.

[90mstderr[2m | tests/mode-modes.test.ts[2m > [22m[2mfile mode[2m > [22m[2m8. file mode: cross-file break is NOT detected (expected tradeoff)
[22m[39m[NREKI] Hard rollback executed. VFS purged.

[90mstderr[2m | tests/nreki-kernel.test.ts[2m > [22m[2mNREKI Kernel - Edge Cases[2m > [22m[2mshould handle duplicate files where final state is valid
[22m[39m[NREKI] Booting VFS-LSP Kernel (project mode). Applying CompilerHost overrides...
[NREKI] Kernel booted. Tracking 2 files. Baseline: 0 invariants. Boot errors: 0.

[90mstderr[2m | tests/document-registry.test.ts[2m > [22m[2mDocumentRegistry cleanup[2m > [22m[2mshould function correctly after rollbackAll releases documents
[22m[39m[NREKI] Hard rollback executed. VFS purged.

[90mstderr[2m | tests/mode-modes.test.ts[2m > [22m[2mproject mode
[22m[39m[NREKI] Booting VFS-LSP Kernel (project mode). Applying CompilerHost overrides...
[NREKI] Kernel booted. Tracking 2 files. Baseline: 0 invariants. Boot errors: 0.

[90mstderr[2m | tests/document-registry.test.ts[2m > [22m[2mDocumentRegistry cleanup[2m > [22m[2mshould still block invalid edits after document release cycle
[22m[39m[NREKI] Hard rollback executed. VFS purged.

[90mstderr[2m | tests/nreki-kernel.test.ts[2m > [22m[2mNREKI Precision - VFS Staging Leak (LT-1)[2m > [22m[2mshould not leak VFS state between consecutive intercepts
[22m[39m[NREKI] Booting VFS-LSP Kernel (project mode). Applying CompilerHost overrides...
[NREKI] Kernel booted. Tracking 2 files. Baseline: 0 invariants. Boot errors: 0.

[90mstderr[2m | tests/document-registry.test.ts[2m > [22m[2mDocumentRegistry cleanup[2m > [22m[2mshould still block invalid edits after document release cycle
[22m[39m[NREKI] Hard rollback executed. VFS purged.

[90mstderr[2m | tests/nreki-kernel.test.ts[2m > [22m[2mNREKI Precision - VFS Staging Leak (LT-1)[2m > [22m[2mshould not leak VFS state between consecutive intercepts
[22m[39m[NREKI] Hard rollback executed. VFS purged.

[90mstderr[2m | tests/document-registry.test.ts[2m > [22m[2mDocumentRegistry cleanup[2m > [22m[2mshould still block invalid edits after document release cycle
[22m[39m[NREKI] Hard rollback executed. VFS purged.

[90mstderr[2m | tests/mode-modes.test.ts[2m > [22m[2mproject mode: early exit and recovery[2m > [22m[2m10. >threshold errors -> early exit, edit rejected
[22m[39m[NREKI] Booting VFS-LSP Kernel (project mode). Applying CompilerHost overrides...
[NREKI] Kernel booted. Tracking 81 files. Baseline: 0 invariants. Boot errors: 0.

 [32mÔ£ô[39m tests/nreki-kernel.test.ts [2m([22m[2m28 tests[22m[2m)[22m[33m 52005[2mms[22m[39m
     [33m[2mÔ£ô[22m[39m should boot successfully with a valid tsconfig.json project [33m 1987[2mms[22m[39m
     [33m[2mÔ£ô[22m[39m should track pre-existing errors in baseline [33m 1150[2mms[22m[39m
     [33m[2mÔ£ô[22m[39m should PASS a valid edit that preserves types [33m 2185[2mms[22m[39m
     [33m[2mÔ£ô[22m[39m should BLOCK an edit that breaks cross-file types [33m 2854[2mms[22m[39m
     [33m[2mÔ£ô[22m[39m should PASS a batch edit that changes signature AND updates callers [33m 1766[2mms[22m[39m
     [33m[2mÔ£ô[22m[39m should BLOCK if batch edit changes signature but NOT callers [33m 2809[2mms[22m[39m
     [33m[2mÔ£ô[22m[39m should BLOCK broken syntax even if semantics would pass [33m 2759[2mms[22m[39m
     [33m[2mÔ£ô[22m[39m should BLOCK totally invalid TypeScript [33m 2878[2mms[22m[39m
     [33m[2mÔ£ô[22m[39m should NOT block edits when project has pre-existing errors [33m 1589[2mms[22m[39m
     [33m[2mÔ£ô[22m[39m should BLOCK if a NEW error is introduced on top of pre-existing ones [33m 2576[2mms[22m[39m
     [33m[2mÔ£ô[22m[39m should handle file deletion (tombstone) without panic [33m 1603[2mms[22m[39m
     [33m[2mÔ£ô[22m[39m should BLOCK deletion of a file that others depend on [33m 2846[2mms[22m[39m
     [33m[2mÔ£ô[22m[39m should ignore non-TypeScript files (no rootNames pollution) [33m 1561[2mms[22m[39m
     [33m[2mÔ£ô[22m[39m should handle new TypeScript files in new directories [33m 1545[2mms[22m[39m
     [33m[2mÔ£ô[22m[39m should commit staged changes to disk [33m 2338[2mms[22m[39m
     [33m[2mÔ£ô[22m[39m should rollback all staged changes [33m 2856[2mms[22m[39m
     [33m[2mÔ£ô[22m[39m should revert VFS on failed intercept (no staging leak) [33m 2781[2mms[22m[39m
     [33m[2mÔ£ô[22m[39m should serialize concurrent intercepts via mutex [33m 3555[2mms[22m[39m
     [33m[2mÔ£ô[22m[39m should handle empty batch gracefully [33m 837[2mms[22m[39m
     [33m[2mÔ£ô[22m[39m should handle duplicate files in batch (P25 - idempotent undo-log) [33m 2746[2mms[22m[39m
     [33m[2mÔ£ô[22m[39m should handle duplicate files where final state is valid [33m 1541[2mms[22m[39m
     [33m[2mÔ£ô[22m[39m should not leak VFS state between consecutive intercepts [33m 5127[2mms[22m[39m
[90mstderr[2m | tests/document-registry.test.ts[2m > [22m[2mDocumentRegistry cleanup[2m > [22m[2mshould still block invalid edits after document release cycle
[22m[39m[NREKI] Hard rollback executed. VFS purged.

[90mstderr[2m | tests/document-registry.test.ts[2m > [22m[2mDocumentRegistry cleanup[2m > [22m[2mshould still block invalid edits after document release cycle
[22m[39m[NREKI] Hard rollback executed. VFS purged.

[90mstderr[2m | tests/mode-modes.test.ts[2m > [22m[2mproject mode: early exit and recovery[2m > [22m[2m10. >threshold errors -> early exit, edit rejected
[22m[39m[NREKI] Purging builder and LanguageService after early exit. Warm rebuild ~2-5s.

[90mstderr[2m | tests/mode-modes.test.ts[2m > [22m[2mproject mode: early exit and recovery[2m > [22m[2m11. early exit -> rollback -> second intercept works correctly
[22m[39m[NREKI] Booting VFS-LSP Kernel (project mode). Applying CompilerHost overrides...
[NREKI] Kernel booted. Tracking 81 files. Baseline: 0 invariants. Boot errors: 0.

[90mstderr[2m | tests/ttrd.test.ts[2m > [22m[2mTTRD: extractCanonicalTypes[2m > [22m[2mreturns resolved types for exported functions
[22m[39m[NREKI] Booting VFS-LSP Kernel (project mode). Applying CompilerHost overrides...
[NREKI] Kernel booted. Tracking 1 files. Baseline: 0 invariants. Boot errors: 0.

 [32mÔ£ô[39m tests/document-registry.test.ts [2m([22m[2m4 tests[22m[2m)[22m[33m 55643[2mms[22m[39m
     [33m[2mÔ£ô[22m[39m should handle many intercepts on the same file without crash [33m 32195[2mms[22m[39m
     [33m[2mÔ£ô[22m[39m should function correctly after commitToDisk releases documents [33m 5816[2mms[22m[39m
     [33m[2mÔ£ô[22m[39m should function correctly after rollbackAll releases documents [33m 3100[2mms[22m[39m
     [33m[2mÔ£ô[22m[39m should still block invalid edits after document release cycle [33m 9494[2mms[22m[39m
[90mstderr[2m | tests/ttrd.test.ts[2m > [22m[2mTTRD: extractCanonicalTypes[2m > [22m[2mdetects regression: function return type number -> any
[22m[39m[NREKI] Booting VFS-LSP Kernel (project mode). Applying CompilerHost overrides...
[NREKI] Kernel booted. Tracking 1 files. Baseline: 0 invariants. Boot errors: 0.

[90mstderr[2m | tests/mode-modes.test.ts[2m > [22m[2mproject mode: early exit and recovery[2m > [22m[2m11. early exit -> rollback -> second intercept works correctly
[22m[39m[NREKI] Purging builder and LanguageService after early exit. Warm rebuild ~2-5s.

[90mstderr[2m | tests/auto-healing.test.ts[2m > [22m[2mNREKI L3.3 Auto-Healing[2m > [22m[2m1. Missing import ÔåÆ Healing injects ÔåÆ safe: true ÔåÆ disk correct
[22m[39m[NREKI] Booting VFS-LSP Kernel (project mode). Applying CompilerHost overrides...
[NREKI] Kernel booted. Tracking 2 files. Baseline: 0 invariants. Boot errors: 0.

[90mstderr[2m | tests/ttrd.test.ts[2m > [22m[2mTTRD: extractCanonicalTypes[2m > [22m[2mdetects regression: interface replaced with type alias to any
[22m[39m[NREKI] Booting VFS-LSP Kernel (project mode). Applying CompilerHost overrides...
[NREKI] Kernel booted. Tracking 1 files. Baseline: 0 invariants. Boot errors: 0.

[90mstderr[2m | tests/mode-modes.test.ts[2m > [22m[2mglobal noise filter[2m > [22m[2m13. edit to .ts file, global errors are filtered
[22m[39m[NREKI] Booting VFS-LSP Kernel (project mode). Applying CompilerHost overrides...
[NREKI] Kernel booted. Tracking 1 files. Baseline: 0 invariants. Boot errors: 0.

[90mstderr[2m | tests/ttrd.test.ts[2m > [22m[2mTTRD: extractCanonicalTypes[2m > [22m[2mdetects regression: Promise<string> -> Promise<any> (generic toxic)
[22m[39m[NREKI] Booting VFS-LSP Kernel (project mode). Applying CompilerHost overrides...
[NREKI] Kernel booted. Tracking 1 files. Baseline: 0 invariants. Boot errors: 0.

[90mstderr[2m | tests/mode-modes.test.ts[2m > [22m[2mglobal noise filter[2m > [22m[2m14. edit to tsconfig.json, global errors NOT filtered
[22m[39m[NREKI] Booting VFS-LSP Kernel (project mode). Applying CompilerHost overrides...
[NREKI] Kernel booted. Tracking 1 files. Baseline: 0 invariants. Boot errors: 0.

[90mstderr[2m | tests/ttrd.test.ts[2m > [22m[2mTTRD: extractCanonicalTypes[2m > [22m[2mno false positive: number changed to string (neither toxic)
[22m[39m[NREKI] Booting VFS-LSP Kernel (project mode). Applying CompilerHost overrides...
[NREKI] Kernel booted. Tracking 1 files. Baseline: 0 invariants. Boot errors: 0.

[90mstderr[2m | tests/auto-healing.test.ts[2m > [22m[2mNREKI L3.3 Auto-Healing[2m > [22m[2m1. Missing import ÔåÆ Healing injects ÔåÆ safe: true ÔåÆ disk correct
[22m[39m[NREKI] Atomic commit materialized. Disk synchronized.

[90mstderr[2m | tests/mode-modes.test.ts[2m > [22m[2mTTRD toxicity scoring[2m > [22m[2m15. RetryConfig -> any caught (silent crime)
[22m[39m[NREKI] Booting VFS-LSP Kernel (project mode). Applying CompilerHost overrides...
[NREKI] Kernel booted. Tracking 2 files. Baseline: 0 invariants. Boot errors: 0.

[90mstderr[2m | tests/auto-healing.test.ts[2m > [22m[2mNREKI L3.3 Auto-Healing[2m > [22m[2m2. await without async ÔåÆ Healthy callers ÔåÆ safe: true
[22m[39m[NREKI] Booting VFS-LSP Kernel (project mode). Applying CompilerHost overrides...
[NREKI] Kernel booted. Tracking 2 files. Baseline: 0 invariants. Boot errors: 0.

[90mstderr[2m | tests/ttrd.test.ts[2m > [22m[2mTTRD: extractCanonicalTypes[2m > [22m[2mno false positive: symbol deleted entirely
[22m[39m[NREKI] Booting VFS-LSP Kernel (project mode). Applying CompilerHost overrides...
[NREKI] Kernel booted. Tracking 1 files. Baseline: 0 invariants. Boot errors: 0.

[90mstderr[2m | tests/mode-modes.test.ts[2m > [22m[2mTTRD toxicity scoring[2m > [22m[2m16. Promise<any> -> any caught (structural collapse)
[22m[39m[NREKI] Booting VFS-LSP Kernel (project mode). Applying CompilerHost overrides...
[NREKI] Kernel booted. Tracking 1 files. Baseline: 0 invariants. Boot errors: 0.

[90mstderr[2m | tests/ttrd.test.ts[2m > [22m[2mTTRD: extractCanonicalTypes[2m > [22m[2mbarrel file guard: export * does not expand re-exports
[22m[39m[NREKI] Booting VFS-LSP Kernel (project mode). Applying CompilerHost overrides...
[NREKI] Kernel booted. Tracking 2 files. Baseline: 0 invariants. Boot errors: 0.

[90mstderr[2m | tests/mode-modes.test.ts[2m > [22m[2mTTRD toxicity scoring[2m > [22m[2m17. any -> unknown NOT flagged (upgrade, not regression)
[22m[39m[NREKI] Booting VFS-LSP Kernel (project mode). Applying CompilerHost overrides...
[NREKI] Kernel booted. Tracking 1 files. Baseline: 0 invariants. Boot errors: 0.

[90mstderr[2m | tests/auto-healing.test.ts[2m > [22m[2mNREKI L3.3 Auto-Healing[2m > [22m[2m2. await without async ÔåÆ Healthy callers ÔåÆ safe: true
[22m[39m[NREKI] Atomic commit materialized. Disk synchronized.

 [32mÔ£ô[39m tests/mode-modes.test.ts [2m([22m[2m21 tests[22m[2m)[22m[33m 33077[2mms[22m[39m
     [33m[2mÔ£ô[22m[39m 3. returns 'hologram' for project with 2000 .ts files [33m 2493[2mms[22m[39m
     [33m[2mÔ£ô[22m[39m 5. stops counting at 1001 (does not read remaining dirs) [33m 1737[2mms[22m[39m
     [33m[2mÔ£ô[22m[39m ignores .git, dist, build, .next, coverage directories [33m 979[2mms[22m[39m
     [33m[2mÔ£ô[22m[39m 7. kernel boots in file mode, intercept checks only edited file [33m 2586[2mms[22m[39m
     [33m[2mÔ£ô[22m[39m 8. file mode: cross-file break is NOT detected (expected tradeoff) [33m 2352[2mms[22m[39m
     [33m[2mÔ£ô[22m[39m 9. project mode: cross-file break IS detected [33m 2042[2mms[22m[39m
     [33m[2mÔ£ô[22m[39m 12. elastic threshold scales with batch size [33m 1559[2mms[22m[39m
     [33m[2mÔ£ô[22m[39m 10. >threshold errors -> early exit, edit rejected [33m 3364[2mms[22m[39m
     [33m[2mÔ£ô[22m[39m 11. early exit -> rollback -> second intercept works correctly [33m 4317[2mms[22m[39m
     [33m[2mÔ£ô[22m[39m 13. edit to .ts file, global errors are filtered [33m 1695[2mms[22m[39m
     [33m[2mÔ£ô[22m[39m 14. edit to tsconfig.json, global errors NOT filtered [33m 1701[2mms[22m[39m
     [33m[2mÔ£ô[22m[39m 15. RetryConfig -> any caught (silent crime) [33m 1636[2mms[22m[39m
     [33m[2mÔ£ô[22m[39m 16. Promise<any> -> any caught (structural collapse) [33m 1600[2mms[22m[39m
     [33m[2mÔ£ô[22m[39m 17. any -> unknown NOT flagged (upgrade, not regression) [33m 1575[2mms[22m[39m
[90mstderr[2m | tests/ttrd.test.ts[2m > [22m[2mTTRD: extractCanonicalTypes[2m > [22m[2mtype string hard limit: stays under 500 chars
[22m[39m[NREKI] Booting VFS-LSP Kernel (project mode). Applying CompilerHost overrides...
[NREKI] Kernel booted. Tracking 1 files. Baseline: 3 invariants. Boot errors: 239.

[90mstderr[2m | tests/auto-healing.test.ts[2m > [22m[2mNREKI L3.3 Auto-Healing[2m > [22m[2m3. await without async ÔåÆ Callers break ÔåÆ Cascade ÔåÆ safe: false
[22m[39m[NREKI] Booting VFS-LSP Kernel (project mode). Applying CompilerHost overrides...
[NREKI] Kernel booted. Tracking 3 files. Baseline: 0 invariants. Boot errors: 0.

[90mstderr[2m | tests/ttrd.test.ts[2m > [22m[2mTTRD: Kernel integration[2m > [22m[2mhappy path: as any in expression still caught via inferred return type
[22m[39m[NREKI] Booting VFS-LSP Kernel (project mode). Applying CompilerHost overrides...
[NREKI] Kernel booted. Tracking 1 files. Baseline: 0 invariants. Boot errors: 0.

[90mstderr[2m | tests/ttrd.test.ts[2m > [22m[2mTTRD: Kernel integration[2m > [22m[2mpre/post in same transaction: first edit of session has valid baseline
[22m[39m[NREKI] Booting VFS-LSP Kernel (project mode). Applying CompilerHost overrides...
[NREKI] Kernel booted. Tracking 1 files. Baseline: 0 invariants. Boot errors: 0.

[90mstderr[2m | tests/ttrd.test.ts[2m > [22m[2mTTRD: Kernel integration[2m > [22m[2mhealed path: edit needs auto-healing AND has type regression, both reported
[22m[39m[NREKI] Booting VFS-LSP Kernel (project mode). Applying CompilerHost overrides...
[NREKI] Kernel booted. Tracking 2 files. Baseline: 0 invariants. Boot errors: 0.

[90mstderr[2m | tests/ttrd-typeflags.test.ts
[22m[39m[NREKI] Booting VFS-LSP Kernel (project mode). Applying CompilerHost overrides...
[NREKI] Kernel booted. Tracking 1 files. Baseline: 0 invariants. Boot errors: 0.

[90mstderr[2m | tests/auto-healing.test.ts[2m > [22m[2mNREKI L3.3 Auto-Healing[2m > [22m[2m4. Business logic error (no CodeFix) ÔåÆ safe: false
[22m[39m[NREKI] Booting VFS-LSP Kernel (project mode). Applying CompilerHost overrides...
[NREKI] Kernel booted. Tracking 1 files. Baseline: 0 invariants. Boot errors: 0.

[90mstderr[2m | tests/ttrd.test.ts[2m > [22m[2mTTRD: Kernel integration[2m > [22m[2mbatch edit: regressions penalize correct files, not all files in batch
[22m[39m[NREKI] Booting VFS-LSP Kernel (project mode). Applying CompilerHost overrides...
[NREKI] Kernel booted. Tracking 2 files. Baseline: 0 invariants. Boot errors: 0.

[90mstderr[2m | tests/auto-healing.test.ts[2m > [22m[2mNREKI L3.3 Auto-Healing[2m > [22m[2m5. healingStats updates correctly
[22m[39m[NREKI] Booting VFS-LSP Kernel (project mode). Applying CompilerHost overrides...
[NREKI] Kernel booted. Tracking 2 files. Baseline: 0 invariants. Boot errors: 0.

[90mstderr[2m | tests/ttrd.test.ts[2m > [22m[2mTTRD: Kernel integration[2m > [22m[2mbatch debt payment: restore types across multiple files in one batch
[22m[39m[NREKI] Booting VFS-LSP Kernel (project mode). Applying CompilerHost overrides...
[NREKI] Kernel booted. Tracking 2 files. Baseline: 0 invariants. Boot errors: 0.

[90mstderr[2m | tests/ttrd-typeflags.test.ts[2m > [22m[2mTTRD TypeFlags scoring[2m > [22m[2mshould detect unknown -> any regression (asymmetric weights)
[22m[39m[NREKI] Atomic commit materialized. Disk synchronized.

[90mstderr[2m | tests/ttrd.test.ts[2m > [22m[2mTTRD: Kernel integration[2m > [22m[2mbatch debt payment: restore types across multiple files in one batch
[22m[39m[NREKI] Atomic commit materialized. Disk synchronized.

[90mstderr[2m | tests/ttrd-typeflags.test.ts[2m > [22m[2mTTRD TypeFlags scoring[2m > [22m[2mshould detect unknown -> any regression (asymmetric weights)
[22m[39m[NREKI] Hard rollback executed. VFS purged.

[90mstderr[2m | tests/ttrd.test.ts[2m > [22m[2mTTRD: Kernel integration[2m > [22m[2mno success reward for files with regressions in the same edit
[22m[39m[NREKI] Booting VFS-LSP Kernel (project mode). Applying CompilerHost overrides...
[NREKI] Kernel booted. Tracking 1 files. Baseline: 0 invariants. Boot errors: 0.

[90mstderr[2m | tests/auto-healing.test.ts[2m > [22m[2mNREKI L3.3 Auto-Healing[2m > [22m[2m6. Clean code ÔåÆ healing does not activate ÔåÆ safe: true without heal 
errorText
[22m[39m[NREKI] Booting VFS-LSP Kernel (project mode). Applying CompilerHost overrides...
[NREKI] Kernel booted. Tracking 1 files. Baseline: 0 invariants. Boot errors: 0.

[90mstderr[2m | tests/ttrd-typeflags.test.ts[2m > [22m[2mTTRD TypeFlags scoring[2m > [22m[2mshould NOT flag property named 'any' as toxic regression
[22m[39m[NREKI] Hard rollback executed. VFS purged.

 [32mÔ£ô[39m tests/ttrd.test.ts [2m([22m[2m20 tests[22m[2m)[22m[33m 25900[2mms[22m[39m
     [33m[2mÔ£ô[22m[39m returns resolved types for exported functions [33m 2533[2mms[22m[39m
     [33m[2mÔ£ô[22m[39m detects regression: function return type number -> any [33m 1749[2mms[22m[39m
     [33m[2mÔ£ô[22m[39m detects regression: interface replaced with type alias to any [33m 1838[2mms[22m[39m
     [33m[2mÔ£ô[22m[39m detects regression: Promise<string> -> Promise<any> (generic toxic) [33m 1680[2mms[22m[39m
     [33m[2mÔ£ô[22m[39m no false positive: number changed to string (neither toxic) [33m 1628[2mms[22m[39m
     [33m[2mÔ£ô[22m[39m no false positive: symbol deleted entirely [33m 1646[2mms[22m[39m
     [33m[2mÔ£ô[22m[39m barrel file guard: export * does not expand re-exports [33m 1514[2mms[22m[39m
     [33m[2mÔ£ô[22m[39m type string hard limit: stays under 500 chars [33m 1612[2mms[22m[39m
     [33m[2mÔ£ô[22m[39m happy path: as any in expression still caught via inferred return type [33m 1704[2mms[22m[39m
     [33m[2mÔ£ô[22m[39m pre/post in same transaction: first edit of session has valid baseline [33m 1974[2mms[22m[39m
     [33m[2mÔ£ô[22m[39m healed path: edit needs auto-healing AND has type regression, both reported [33m 1635[2mms[22m[39m
     [33m[2mÔ£ô[22m[39m batch edit: regressions penalize correct files, not all files in batch [33m 1621[2mms[22m[39m
     [33m[2mÔ£ô[22m[39m batch debt payment: restore types across multiple files in one batch [33m 3170[2mms[22m[39m
     [33m[2mÔ£ô[22m[39m no success reward for files with regressions in the same edit [33m 1517[2mms[22m[39m
 [32mÔ£ô[39m tests/auto-healing.test.ts [2m([22m[2m6 tests[22m[2m)[22m[33m 22358[2mms[22m[39m
     [33m[2mÔ£ô[22m[39m 1. Missing import ÔåÆ Healing injects ÔåÆ safe: true ÔåÆ disk correct [33m 5398[2mms[22m[39m
     [33m[2mÔ£ô[22m[39m 2. await without async ÔåÆ Healthy callers ÔåÆ safe: true [33m 3736[2mms[22m[39m
     [33m[2mÔ£ô[22m[39m 3. await without async ÔåÆ Callers break ÔåÆ Cascade ÔåÆ safe: false [33m 5552[2mms[22m[39m
     [33m[2mÔ£ô[22m[39m 4. Business logic error (no CodeFix) ÔåÆ safe: false [33m 2775[2mms[22m[39m
     [33m[2mÔ£ô[22m[39m 5. healingStats updates correctly [33m 3354[2mms[22m[39m
     [33m[2mÔ£ô[22m[39m 6. Clean code ÔåÆ healing does not activate ÔåÆ safe: true without heal errorText [33m 1539[2mms[22m[39m
[90mstderr[2m | tests/ttrd-typeflags.test.ts[2m > [22m[2mTTRD TypeFlags scoring[2m > [22m[2mshould NOT flag property named 'any' as toxic regression
[22m[39m[NREKI] Hard rollback executed. VFS purged.

[90mstderr[2m | tests/hologram-lazy-subgraph.test.ts[2m > [22m[2mhologram lazy subgraph[2m > [22m[2m33. boot with ambient + target loads fewer files than full boot
[22m[39m[NREKI] Booting VFS-LSP Kernel (hologram mode). Applying CompilerHost overrides...
[NREKI] Kernel booted. Tracking 0 files. Baseline: 0 invariants. Boot errors: 0.

[90mstderr[2m | tests/hologram-lazy-subgraph.test.ts[2m > [22m[2mhologram lazy subgraph[2m > [22m[2m34. TypeScript resolves imports lazily through VFS
[22m[39m[NREKI] Booting VFS-LSP Kernel (hologram mode). Applying CompilerHost overrides...
[NREKI] Kernel booted. Tracking 0 files. Baseline: 0 invariants. Boot errors: 0.

[90mstderr[2m | tests/ttrd-typeflags.test.ts[2m > [22m[2mTTRD TypeFlags scoring[2m > [22m[2mshould detect number -> any as high-delta regression
[22m[39m[NREKI] Hard rollback executed. VFS purged.

[90mstderr[2m | tests/nreki-integration.test.ts[2m > [22m[2mNREKI Integration - Full Zero-Disk-Touch Path[2m > [22m[2mF1: dryRun=true should NOT write to disk
[22m[39m[NREKI] Booting VFS-LSP Kernel (project mode). Applying CompilerHost overrides...
[NREKI] Kernel booted. Tracking 2 files. Baseline: 0 invariants. Boot errors: 0.

[90mstderr[2m | tests/ttrd-typeflags.test.ts[2m > [22m[2mTTRD TypeFlags scoring[2m > [22m[2mshould detect structural collapse: typed export -> bare any
[22m[39m[NREKI] Hard rollback executed. VFS purged.

[90mstderr[2m | tests/nreki-integration.test.ts[2m > [22m[2mNREKI Integration - Full Zero-Disk-Touch Path[2m > [22m[2mF1: full path - valid edit through kernel to 
commitToDisk
[22m[39m[NREKI] Booting VFS-LSP Kernel (project mode). Applying CompilerHost overrides...
[NREKI] Kernel booted. Tracking 2 files. Baseline: 0 invariants. Boot errors: 0.

[90mstderr[2m | tests/hologram-lazy-subgraph.test.ts[2m > [22m[2mhologram lazy subgraph[2m > [22m[2m34. TypeScript resolves imports lazily through VFS
[22m[39m[NREKI] Hard rollback executed. VFS purged.

[90mstderr[2m | tests/hologram-lazy-subgraph.test.ts[2m > [22m[2mhologram lazy subgraph[2m > [22m[2m35. Type checking on target file produces correct diagnostics
[22m[39m[NREKI] Booting VFS-LSP Kernel (hologram mode). Applying CompilerHost overrides...
[NREKI] Kernel booted. Tracking 0 files. Baseline: 0 invariants. Boot errors: 0.

[90mstderr[2m | tests/ttrd-typeflags.test.ts[2m > [22m[2mTTRD TypeFlags scoring[2m > [22m[2mshould detect structural collapse: typed export -> bare any
[22m[39m[NREKI] Hard rollback executed. VFS purged.

 [32mÔ£ô[39m tests/ttrd-typeflags.test.ts [2m([22m[2m4 tests[22m[2m)[22m[33m 17114[2mms[22m[39m
     [33m[2mÔ£ô[22m[39m should detect unknown -> any regression (asymmetric weights) [33m 5842[2mms[22m[39m
     [33m[2mÔ£ô[22m[39m should NOT flag property named 'any' as toxic regression [33m 2229[2mms[22m[39m
     [33m[2mÔ£ô[22m[39m should detect number -> any as high-delta regression [33m 1815[2mms[22m[39m
     [33m[2mÔ£ô[22m[39m should detect structural collapse: typed export -> bare any [33m 2463[2mms[22m[39m
[90mstderr[2m | tests/nreki-integration.test.ts[2m > [22m[2mNREKI Integration - Full Zero-Disk-Touch Path[2m > [22m[2mF1: full path - valid edit through kernel to 
commitToDisk
[22m[39m[NREKI] Atomic commit materialized. Disk synchronized.

[90mstderr[2m | tests/hologram-integration.test.ts[2m > [22m[2mhologram integration[2m > [22m[2m41. Full cycle: scan -> generate shadows -> boot -> intercept -> 
validate
[22m[39m[NREKI] Booting VFS-LSP Kernel (hologram mode). Applying CompilerHost overrides...
[NREKI] Kernel booted. Tracking 0 files. Baseline: 0 invariants. Boot errors: 0.

[90mstderr[2m | tests/nreki-integration.test.ts[2m > [22m[2mNREKI Integration - Full Zero-Disk-Touch Path[2m > [22m[2mF1: full path - type-breaking edit blocked, 
disk untouched
[22m[39m[NREKI] Booting VFS-LSP Kernel (project mode). Applying CompilerHost overrides...
[NREKI] Kernel booted. Tracking 2 files. Baseline: 0 invariants. Boot errors: 0.

[90mstderr[2m | tests/hologram-lazy-subgraph.test.ts[2m > [22m[2mhologram lazy subgraph[2m > [22m[2m35. Type checking on target file produces correct diagnostics
[22m[39m[NREKI] Hard rollback executed. VFS purged.

[90mstderr[2m | tests/nreki-integration.test.ts[2m > [22m[2mNREKI Integration - Full Zero-Disk-Touch Path[2m > [22m[2mF1: full path - type-breaking edit blocked, 
disk untouched
[22m[39m[NREKI] Hard rollback executed. VFS purged.

[90mstderr[2m | tests/hologram-integration.test.ts[2m > [22m[2mhologram integration[2m > [22m[2m41. Full cycle: scan -> generate shadows -> boot -> intercept -> 
validate
[22m[39m[NREKI] Hard rollback executed. VFS purged.

[90mstderr[2m | tests/nreki-integration.test.ts[2m > [22m[2mNREKI Integration - Full Zero-Disk-Touch Path[2m > [22m[2mF1: batch dryRun returns VFS without writing
[22m[39m[NREKI] Booting VFS-LSP Kernel (project mode). Applying CompilerHost overrides...
[NREKI] Kernel booted. Tracking 2 files. Baseline: 0 invariants. Boot errors: 0.

[90mstderr[2m | tests/hologram-lazy-subgraph.test.ts[2m > [22m[2mhologram lazy subgraph[2m > [22m[2m36. Different targets load different subgraph sizes
[22m[39m[NREKI] Booting VFS-LSP Kernel (hologram mode). Applying CompilerHost overrides...
[NREKI] Kernel booted. Tracking 0 files. Baseline: 0 invariants. Boot errors: 0.
[NREKI] Booting VFS-LSP Kernel (hologram mode). Applying CompilerHost overrides...
[NREKI] Kernel booted. Tracking 0 files. Baseline: 0 invariants. Boot errors: 0.

[90mstderr[2m | tests/nreki-integration.test.ts[2m > [22m[2mNREKI Integration - Full Zero-Disk-Touch Path[2m > [22m[2mF1: commitToDisk creates atomic write
[22m[39m[NREKI] Booting VFS-LSP Kernel (project mode). Applying CompilerHost overrides...
[NREKI] Kernel booted. Tracking 2 files. Baseline: 0 invariants. Boot errors: 0.

[90mstderr[2m | tests/hologram-lazy-subgraph.test.ts[2m > [22m[2mhologram lazy subgraph[2m > [22m[2m37. Ambient files resolve global types
[22m[39m[NREKI] Booting VFS-LSP Kernel (hologram mode). Applying CompilerHost overrides...
[NREKI] Kernel booted. Tracking 1 files. Baseline: 0 invariants. Boot errors: 0.

 [32mÔ£ô[39m tests/hologram-lazy-subgraph.test.ts [2m([22m[2m5 tests[22m[2m)[22m[33m 11027[2mms[22m[39m
     [33m[2mÔ£ô[22m[39m 34. TypeScript resolves imports lazily through VFS [33m 3622[2mms[22m[39m
     [33m[2mÔ£ô[22m[39m 35. Type checking on target file produces correct diagnostics [33m 6480[2mms[22m[39m
     [33m[2mÔ£ô[22m[39m 37. Ambient files resolve global types [33m 851[2mms[22m[39m
[90mstderr[2m | tests/nreki-integration.test.ts[2m > [22m[2mNREKI Integration - Full Zero-Disk-Touch Path[2m > [22m[2mF1: commitToDisk creates atomic write
[22m[39m[NREKI] Atomic commit materialized. Disk synchronized.

[90mstderr[2m | tests/hologram-vfs.test.ts[2m > [22m[2mhologram VFS hooks
[22m[39m[NREKI] Booting VFS-LSP Kernel (hologram mode). Applying CompilerHost overrides...
[NREKI] Kernel booted. Tracking 0 files. Baseline: 0 invariants. Boot errors: 0.

[90mstderr[2m | tests/nreki-integration.test.ts[2m > [22m[2mNREKI Integration - Full Zero-Disk-Touch Path[2m > [22m[2mF3: kernel rejects path traversal attempts
[22m[39m[NREKI] Booting VFS-LSP Kernel (project mode). Applying CompilerHost overrides...
[NREKI] Kernel booted. Tracking 2 files. Baseline: 0 invariants. Boot errors: 0.

[90mstderr[2m | tests/hologram-integration.test.ts[2m > [22m[2mhologram integration[2m > [22m[2m44. Pre-warming completes before first edit (simulated)
[22m[39m[NREKI] Booting VFS-LSP Kernel (hologram mode). Applying CompilerHost overrides...
[NREKI] Kernel booted. Tracking 0 files. Baseline: 0 invariants. Boot errors: 0.

[90mstderr[2m | tests/nreki-integration.test.ts[2m > [22m[2mNREKI Integration - Full Zero-Disk-Touch Path[2m > [22m[2mF3: kernel rejects absolute paths outside 
project
[22m[39m[NREKI] Booting VFS-LSP Kernel (project mode). Applying CompilerHost overrides...
[NREKI] Kernel booted. Tracking 2 files. Baseline: 0 invariants. Boot errors: 0.

[90mstderr[2m | tests/nreki-integration.test.ts[2m > [22m[2mNREKI Kernel - Path Normalization[2m > [22m[2mshould normalize Windows-style backslash paths
[22m[39m[NREKI] Booting VFS-LSP Kernel (project mode). Applying CompilerHost overrides...
[NREKI] Kernel booted. Tracking 1 files. Baseline: 0 invariants. Boot errors: 0.

 [32mÔ£ô[39m tests/nreki-integration.test.ts [2m([22m[2m8 tests[22m[2m)[22m[33m 15012[2mms[22m[39m
     [33m[2mÔ£ô[22m[39m F1: dryRun=true should NOT write to disk [33m 1916[2mms[22m[39m
     [33m[2mÔ£ô[22m[39m F1: full path - valid edit through kernel to commitToDisk [33m 2852[2mms[22m[39m
     [33m[2mÔ£ô[22m[39m F1: full path - type-breaking edit blocked, disk untouched [33m 4059[2mms[22m[39m
     [33m[2mÔ£ô[22m[39m F1: batch dryRun returns VFS without writing [33m 931[2mms[22m[39m
     [33m[2mÔ£ô[22m[39m F1: commitToDisk creates atomic write [33m 2457[2mms[22m[39m
     [33m[2mÔ£ô[22m[39m F3: kernel rejects path traversal attempts [33m 1021[2mms[22m[39m
     [33m[2mÔ£ô[22m[39m F3: kernel rejects absolute paths outside project [33m 937[2mms[22m[39m
     [33m[2mÔ£ô[22m[39m should normalize Windows-style backslash paths [33m 833[2mms[22m[39m
 [32mÔ£ô[39m tests/hologram-integration.test.ts [2m([22m[2m4 tests[22m[2m)[22m[33m 9661[2mms[22m[39m
     [33m[2mÔ£ô[22m[39m 41. Full cycle: scan -> generate shadows -> boot -> intercept -> validate [33m 7854[2mms[22m[39m
     [33m[2mÔ£ô[22m[39m 44. Pre-warming completes before first edit (simulated) [33m 1766[2mms[22m[39m
[90mstderr[2m | tests/hologram-vfs.test.ts[2m > [22m[2mhologram VFS hooks[2m > [22m[2m21. shadow serves correct content for type checking
[22m[39m[NREKI] Hard rollback executed. VFS purged.

[90mstderr[2m | tests/hologram-domain-separation.test.ts[2m > [22m[2mhologram domain separation[2m > [22m[2m38. predictBlastRadius throws in hologram mode
[22m[39m[NREKI] Booting VFS-LSP Kernel (hologram mode). Applying CompilerHost overrides...
[NREKI] Kernel booted. Tracking 0 files. Baseline: 0 invariants. Boot errors: 0.

[90mstderr[2m | tests/hologram-harvester.test.ts[2m > [22m[2mdts harvester[2m > [22m[2m27. harvest emits correct .d.ts for a file
[22m[39m[NREKI] Booting VFS-LSP Kernel (project mode). Applying CompilerHost overrides...
[NREKI] Kernel booted. Tracking 1 files. Baseline: 0 invariants. Boot errors: 0.

[90mstderr[2m | tests/hologram-vfs.test.ts[2m > [22m[2mhologram VFS hooks[2m > [22m[2m22. unpruned .ts file: still accessible
[22m[39m[NREKI] Hard rollback executed. VFS purged.

[90mstderr[2m | tests/hologram-domain-separation.test.ts[2m > [22m[2mhologram domain separation[2m > [22m[2m39. predictBlastRadius works in project mode (not 
hologram)
[22m[39m[NREKI] Booting VFS-LSP Kernel (project mode). Applying CompilerHost overrides...
[NREKI] Kernel booted. Tracking 2 files. Baseline: 0 invariants. Boot errors: 0.

[90mstderr[2m | tests/hologram-domain-separation.test.ts[2m > [22m[2mhologram domain separation[2m > [22m[2m40. interceptAtomicBatch works with shadows
[22m[39m[NREKI] Booting VFS-LSP Kernel (hologram mode). Applying CompilerHost overrides...
[NREKI] Kernel booted. Tracking 0 files. Baseline: 0 invariants. Boot errors: 0.

[90mstderr[2m | tests/hologram-harvester.test.ts[2m > [22m[2mdts harvester[2m > [22m[2m28. harvest marks TS4023 as UNPRUNABLE_FOREVER
[22m[39m[NREKI] Booting VFS-LSP Kernel (project mode). Applying CompilerHost overrides...
[NREKI] Kernel booted. Tracking 1 files. Baseline: 0 invariants. Boot errors: 0.

[90mstderr[2m | tests/hologram-harvester.test.ts[2m > [22m[2mdts harvester[2m > [22m[2m29. harvest aborts on epoch change
[22m[39m[NREKI] Booting VFS-LSP Kernel (project mode). Applying CompilerHost overrides...
[NREKI] Kernel booted. Tracking 3 files. Baseline: 0 invariants. Boot errors: 0.

[90mstderr[2m | tests/hologram-vfs.test.ts[2m > [22m[2mhologram VFS hooks[2m > [22m[2m23. edited file always real .ts regardless of prune status
[22m[39m[NREKI] Hard rollback executed. VFS purged.

 [32mÔ£ô[39m tests/hologram-vfs.test.ts [2m([22m[2m8 tests[22m[2m)[22m[33m 8872[2mms[22m[39m
     [33m[2mÔ£ô[22m[39m 21. shadow serves correct content for type checking [33m 3496[2mms[22m[39m
     [33m[2mÔ£ô[22m[39m 22. unpruned .ts file: still accessible [33m 2631[2mms[22m[39m
     [33m[2mÔ£ô[22m[39m 23. edited file always real .ts regardless of prune status [33m 2669[2mms[22m[39m
[90mstderr[2m | tests/hologram-domain-separation.test.ts[2m > [22m[2mhologram domain separation[2m > [22m[2m40. interceptAtomicBatch works with shadows
[22m[39m[NREKI] Hard rollback executed. VFS purged.

[90mstderr[2m | tests/hologram-harvester.test.ts[2m > [22m[2mdts harvester[2m > [22m[2m30. harvest yields event loop (setImmediate)
[22m[39m[NREKI] Booting VFS-LSP Kernel (project mode). Applying CompilerHost overrides...
[NREKI] Kernel booted. Tracking 4 files. Baseline: 0 invariants. Boot errors: 0.

[90mstderr[2m | tests/hologram-harvester.test.ts[2m > [22m[2mdts harvester[2m > [22m[2m31. harvested shadow contains declaration content
[22m[39m[NREKI] Booting VFS-LSP Kernel (project mode). Applying CompilerHost overrides...
[NREKI] Kernel booted. Tracking 1 files. Baseline: 0 invariants. Boot errors: 0.

[90mstderr[2m | tests/hologram-harvester.test.ts[2m > [22m[2mdts harvester[2m > [22m[2m32. harvest skips UNPRUNABLE_FOREVER files
[22m[39m[NREKI] Booting VFS-LSP Kernel (project mode). Applying CompilerHost overrides...
[NREKI] Kernel booted. Tracking 1 files. Baseline: 0 invariants. Boot errors: 0.

 [32mÔ£ô[39m tests/hologram-harvester.test.ts [2m([22m[2m6 tests[22m[2m)[22m[33m 7347[2mms[22m[39m
     [33m[2mÔ£ô[22m[39m 27. harvest emits correct .d.ts for a file [33m 1894[2mms[22m[39m
     [33m[2mÔ£ô[22m[39m 28. harvest marks TS4023 as UNPRUNABLE_FOREVER [33m 1166[2mms[22m[39m
     [33m[2mÔ£ô[22m[39m 29. harvest aborts on epoch change [33m 1045[2mms[22m[39m
     [33m[2mÔ£ô[22m[39m 30. harvest yields event loop (setImmediate) [33m 1122[2mms[22m[39m
     [33m[2mÔ£ô[22m[39m 31. harvested shadow contains declaration content [33m 1060[2mms[22m[39m
     [33m[2mÔ£ô[22m[39m 32. harvest skips UNPRUNABLE_FOREVER files [33m 1057[2mms[22m[39m
 [32mÔ£ô[39m tests/hologram-domain-separation.test.ts [2m([22m[2m3 tests[22m[2m)[22m[33m 7903[2mms[22m[39m
     [33m[2mÔ£ô[22m[39m 39. predictBlastRadius works in project mode (not hologram) [33m 2207[2mms[22m[39m
     [33m[2mÔ£ô[22m[39m 40. interceptAtomicBatch works with shadows [33m 5639[2mms[22m[39m
[90mstderr[2m | tests/jit-holography.test.ts[2m > [22m[2mJIT Holography[2m > [22m[2m1. JIT mode activates when no shadows set and jitParser provided
[22m[39m[NREKI] Booting VFS-LSP Kernel (hologram mode). Applying CompilerHost overrides...
[NREKI] JIT Holography active. rootNames: 0 (.d.ts only). Shadows on-demand.
[NREKI] Kernel booted. Tracking 0 files. Baseline: 0 invariants. Boot errors: 0.

[90mstderr[2m | tests/jit-holography.test.ts[2m > [22m[2mJIT Holography[2m > [22m[2m2. fileExists returns false for prunable .ts (JIT classified)
[22m[39m[NREKI] Booting VFS-LSP Kernel (hologram mode). Applying CompilerHost overrides...
[NREKI] JIT Holography active. rootNames: 0 (.d.ts only). Shadows on-demand.
[NREKI] Kernel booted. Tracking 0 files. Baseline: 0 invariants. Boot errors: 0.

[90mstderr[2m | tests/jit-holography.test.ts[2m > [22m[2mJIT Holography[2m > [22m[2m3. fileExists returns true for shadow .d.ts (JIT generated)
[22m[39m[NREKI] Booting VFS-LSP Kernel (hologram mode). Applying CompilerHost overrides...
[NREKI] JIT Holography active. rootNames: 0 (.d.ts only). Shadows on-demand.
[NREKI] Kernel booted. Tracking 0 files. Baseline: 0 invariants. Boot errors: 0.

[90mstderr[2m | tests/jit-holography.test.ts[2m > [22m[2mJIT Holography[2m > [22m[2m4. readFile returns shadow content for .d.ts (JIT generated)
[22m[39m[NREKI] Booting VFS-LSP Kernel (hologram mode). Applying CompilerHost overrides...
[NREKI] JIT Holography active. rootNames: 0 (.d.ts only). Shadows on-demand.
[NREKI] Kernel booted. Tracking 0 files. Baseline: 0 invariants. Boot errors: 0.

[90mstderr[2m | tests/jit-holography.test.ts[2m > [22m[2mJIT Holography[2m > [22m[2m5. fileExists returns true for unprunable .ts (JIT classified)
[22m[39m[NREKI] Booting VFS-LSP Kernel (hologram mode). Applying CompilerHost overrides...
[NREKI] JIT Holography active. rootNames: 0 (.d.ts only). Shadows on-demand.
[NREKI] Kernel booted. Tracking 0 files. Baseline: 0 invariants. Boot errors: 0.

[90mstderr[2m | tests/jit-holography.test.ts[2m > [22m[2mJIT Holography[2m > [22m[2m6. readFile returns real content for unprunable .ts
[22m[39m[NREKI] Booting VFS-LSP Kernel (hologram mode). Applying CompilerHost overrides...
[NREKI] JIT Holography active. rootNames: 0 (.d.ts only). Shadows on-demand.
[NREKI] Kernel booted. Tracking 0 files. Baseline: 0 invariants. Boot errors: 0.

[90mstderr[2m | tests/jit-holography.test.ts[2m > [22m[2mJIT Holography[2m > [22m[2m7. JIT classification cache prevents re-classification
[22m[39m[NREKI] Booting VFS-LSP Kernel (hologram mode). Applying CompilerHost overrides...
[NREKI] JIT Holography active. rootNames: 0 (.d.ts only). Shadows on-demand.
[NREKI] Kernel booted. Tracking 0 files. Baseline: 0 invariants. Boot errors: 0.

[90mstderr[2m | tests/jit-holography.test.ts[2m > [22m[2mJIT Holography[2m > [22m[2m8. JIT mode does not interfere with non-hologram mode
[22m[39m[NREKI] Booting VFS-LSP Kernel (project mode). Applying CompilerHost overrides...
[NREKI] Kernel booted. Tracking 1 files. Baseline: 0 invariants. Boot errors: 0.

[90mstderr[2m | tests/jit-holography.test.ts[2m > [22m[2mJIT Holography[2m > [22m[2m9. Edit target bypasses JIT classification
[22m[39m[NREKI] Booting VFS-LSP Kernel (hologram mode). Applying CompilerHost overrides...
[NREKI] JIT Holography active. rootNames: 0 (.d.ts only). Shadows on-demand.
[NREKI] Kernel booted. Tracking 0 files. Baseline: 0 invariants. Boot errors: 0.

[90mstderr[2m | tests/jit-holography.test.ts[2m > [22m[2mJIT Holography[2m > [22m[2m10. JIT cache size reports correctly
[22m[39m[NREKI] Booting VFS-LSP Kernel (hologram mode). Applying CompilerHost overrides...
[NREKI] JIT Holography active. rootNames: 0 (.d.ts only). Shadows on-demand.
[NREKI] Kernel booted. Tracking 0 files. Baseline: 0 invariants. Boot errors: 0.

[90mstderr[2m | tests/jit-holography.test.ts[2m > [22m[2mJIT Holography[2m > [22m[2m11. Boot with JIT mode completes without scanProject
[22m[39m[NREKI] Booting VFS-LSP Kernel (hologram mode). Applying CompilerHost overrides...
[NREKI] JIT Holography active. rootNames: 0 (.d.ts only). Shadows on-demand.
[NREKI] Kernel booted. Tracking 0 files. Baseline: 0 invariants. Boot errors: 0.

[90mstderr[2m | tests/jit-holography.test.ts[2m > [22m[2mJIT Holography[2m > [22m[2m12. First interceptAtomicBatch triggers JIT shadow generation
[22m[39m[NREKI] Booting VFS-LSP Kernel (hologram mode). Applying CompilerHost overrides...
[NREKI] JIT Holography active. rootNames: 0 (.d.ts only). Shadows on-demand.
[NREKI] Kernel booted. Tracking 0 files. Baseline: 0 invariants. Boot errors: 0.

[90mstderr[2m | tests/ttrd-silent-crime.test.ts[2m > [22m[2mTTRD: silent type degradation
[22m[39m[NREKI] Booting VFS-LSP Kernel (project mode). Applying CompilerHost overrides...
[NREKI] Kernel booted. Tracking 2 files. Baseline: 0 invariants. Boot errors: 0.

 [32mÔ£ô[39m tests/spectral-topology.test.ts [2m([22m[2m16 tests[22m[2m)[22m[33m 5487[2mms[22m[39m
     [33m[2mÔ£ô[22m[39m should extract nodes and edges from a simple project [33m 1634[2mms[22m[39m
     [33m[2mÔ£ô[22m[39m should detect fiedler drop on type widening [33m 1992[2mms[22m[39m
     [33m[2mÔ£ô[22m[39m should APPROVE cosmetic refactor [33m 1837[2mms[22m[39m
 [32mÔ£ô[39m tests/ttrd-silent-crime.test.ts [2m([22m[2m1 test[22m[2m)[22m[33m 2987[2mms[22m[39m
     [33m[2mÔ£ô[22m[39m catches parameter type degraded to any [33m 1034[2mms[22m[39m
[90mstderr[2m | tests/jit-holography.test.ts[2m > [22m[2mJIT Holography[2m > [22m[2m13. JIT shadows match pre-computed shadows for same file
[22m[39m[NREKI] Booting VFS-LSP Kernel (hologram mode). Applying CompilerHost overrides...
[NREKI] JIT Holography active. rootNames: 0 (.d.ts only). Shadows on-demand.
[NREKI] Kernel booted. Tracking 0 files. Baseline: 0 invariants. Boot errors: 0.

[90mstderr[2m | tests/jit-holography.test.ts[2m > [22m[2mJIT Holography[2m > [22m[2m14. .tsx files classified and shadow served correctly
[22m[39m[NREKI] Booting VFS-LSP Kernel (hologram mode). Applying CompilerHost overrides...
[NREKI] JIT Holography active. rootNames: 0 (.d.ts only). Shadows on-demand.
[NREKI] Kernel booted. Tracking 0 files. Baseline: 0 invariants. Boot errors: 0.

[90mstderr[2m | tests/jit-holography.test.ts[2m > [22m[2mJIT Holography[2m > [22m[2m15. rollbackAll preserves JIT cache, only invalidates edit targets
[22m[39m[NREKI] Booting VFS-LSP Kernel (hologram mode). Applying CompilerHost overrides...
[NREKI] JIT Holography active. rootNames: 0 (.d.ts only). Shadows on-demand.
[NREKI] Kernel booted. Tracking 0 files. Baseline: 0 invariants. Boot errors: 0.

 [32mÔ£ô[39m tests/repo-map.test.ts [2m([22m[2m22 tests[22m[2m)[22m[33m 450[2mms[22m[39m
[90mstderr[2m | tests/jit-holography.test.ts[2m > [22m[2mJIT Holography[2m > [22m[2m15. rollbackAll preserves JIT cache, only invalidates edit targets
[22m[39m[NREKI] Hard rollback executed. VFS purged.

 [32mÔ£ô[39m tests/jit-holography.test.ts [2m([22m[2m15 tests[22m[2m)[22m[33m 4792[2mms[22m[39m
     [33m[2mÔ£ô[22m[39m 8. JIT mode does not interfere with non-hologram mode [33m 1822[2mms[22m[39m
     [33m[2mÔ£ô[22m[39m 12. First interceptAtomicBatch triggers JIT shadow generation [33m 1980[2mms[22m[39m
     [33m[2mÔ£ô[22m[39m 15. rollbackAll preserves JIT cache, only invalidates edit targets [33m 711[2mms[22m[39m
 [32mÔ£ô[39m tests/ast-navigator.test.ts [2m([22m[2m19 tests[22m[2m)[22m[33m 492[2mms[22m[39m
 [32mÔ£ô[39m tests/stress.test.ts [2m([22m[2m37 tests[22m[2m)[22m[33m 2081[2mms[22m[39m
 [32mÔ£ô[39m tests/semantic-edit.test.ts [2m([22m[2m24 tests[22m[2m)[22m[33m 373[2mms[22m[39m
 [32mÔ£ô[39m tests/router.test.ts [2m([22m[2m32 tests[22m[2m)[22m[32m 258[2mms[22m[39m
[90mstderr[2m | tests/e2e-breaker.test.ts[2m > [22m[2mE2E: Creative Circuit Breaker Flow
[22m[39m[33m[NREKI DEPRECATION] TokenGuardEngine is deprecated. Use NrekiEngine.[0m

 [32mÔ£ô[39m tests/audit-fixes.test.ts [2m([22m[2m54 tests[22m[2m)[22m[33m 341[2mms[22m[39m
 [32mÔ£ô[39m tests/e2e-breaker.test.ts [2m([22m[2m1 test[22m[2m)[22m[32m 295[2mms[22m[39m
[90mstderr[2m | tests/v402-bugfixes.test.ts[2m > [22m[2mBUG 1: searchRawCode exhaustive scan[2m > [22m[2mshould find a symbol used inside function bodies via 
searchRawCode
[22m[39m[33m[NREKI DEPRECATION] TokenGuardEngine is deprecated. Use NrekiEngine.[0m

 [32mÔ£ô[39m tests/v402-bugfixes.test.ts [2m([22m[2m7 tests[22m[2m)[22m[33m 325[2mms[22m[39m
 [32mÔ£ô[39m tests/parser-pool.test.ts [2m([22m[2m5 tests[22m[2m)[22m[32m 144[2mms[22m[39m
 [32mÔ£ô[39m tests/pin-memory.test.ts [2m([22m[2m22 tests[22m[2m)[22m[32m 236[2mms[22m[39m
[90mstderr[2m | tests/bugfix-audit.test.ts[2m > [22m[2mBug 3: Plaintext fallback for unsupported languages[2m > [22m[2mshould index a .rs file as plaintext chunk
[22m[39m[33m[NREKI DEPRECATION] TokenGuardEngine is deprecated. Use NrekiEngine.[0m

 [32mÔ£ô[39m tests/batch-edit.test.ts [2m([22m[2m6 tests[22m[2m)[22m[32m 210[2mms[22m[39m
[90mstderr[2m | tests/bugfix-audit.test.ts[2m > [22m[2mBug 3: Plaintext fallback for unsupported languages[2m > [22m[2mshould find Rust code via BM25 search after 
plaintext indexing
[22m[39m[33m[NREKI DEPRECATION] TokenGuardEngine is deprecated. Use NrekiEngine.[0m

 [32mÔ£ô[39m tests/bugfix-audit.test.ts [2m([22m[2m4 tests[22m[2m)[22m[32m 297[2mms[22m[39m
 [32mÔ£ô[39m tests/compressor-advanced.test.ts [2m([22m[2m28 tests[22m[2m)[22m[33m 359[2mms[22m[39m
[90mstderr[2m | tests/engine.test.ts[2m > [22m[2mNrekiDB[2m > [22m[2mshould detect embedding dimension mismatch and clear index
[22m[39m[NREKI] Embedding dimension changed (768 -> 384). Clearing index.

 [32mÔ£ô[39m tests/ast-sandbox.test.ts [2m([22m[2m14 tests[22m[2m)[22m[32m 248[2mms[22m[39m
 [32mÔ£ô[39m tests/engine.test.ts [2m([22m[2m32 tests[22m[2m)[22m[32m 281[2mms[22m[39m
 [32mÔ£ô[39m tests/backward-compat.test.ts [2m([22m[2m17 tests[22m[2m)[22m[32m 186[2mms[22m[39m
 [32mÔ£ô[39m tests/hologram-shadow-generator.test.ts [2m([22m[2m22 tests[22m[2m)[22m[32m 154[2mms[22m[39m
 [32mÔ£ô[39m tests/middleware.test.ts [2m([22m[2m17 tests[22m[2m)[22m[32m 189[2mms[22m[39m
 [32mÔ£ô[39m tests/security.test.ts [2m([22m[2m48 tests[22m[2m)[22m[32m 111[2mms[22m[39m
 [32mÔ£ô[39m tests/circuit-breaker.test.ts [2m([22m[2m45 tests[22m[2m)[22m[32m 34[2mms[22m[39m
 [32mÔ£ô[39m tests/chronos-memory.test.ts [2m([22m[2m16 tests[22m[2m)[22m[32m 124[2mms[22m[39m
 [32mÔ£ô[39m tests/mutex-withlock.test.ts [2m([22m[2m5 tests[22m[2m)[22m[32m 183[2mms[22m[39m
 [32mÔ£ô[39m tests/heartbeat.test.ts [2m([22m[2m12 tests[22m[2m)[22m[32m 29[2mms[22m[39m
 [32mÔ£ô[39m tests/terminal-filter.test.ts [2m([22m[2m30 tests[22m[2m)[22m[32m 28[2mms[22m[39m
 [32mÔ£ô[39m tests/auto-context.test.ts [2m([22m[2m11 tests[22m[2m)[22m[32m 17[2mms[22m[39m
 [32mÔ£ô[39m tests/file-lock.test.ts [2m([22m[2m9 tests[22m[2m)[22m[32m 7[2mms[22m[39m

[2m Test Files [22m [1m[32m42 passed[39m[22m[90m (42)[39m
[2m      Tests [22m [1m[32m692 passed[39m[22m[90m (692)[39m
[2m   Start at [22m 17:46:36
[2m   Duration [22m 117.05s[2m (transform 2.09s, setup 0ms, import 16.87s, tests 317.36s, environment 9ms)[22m

